2024-05-05 00:51:54,119 - __main__ - ERROR - Warning message: Potential failure to create VM bootstrap:
Return code: 1
Standard Output: Starting install...

Retrieving file vmlinuz... 32% [=====-           ]    0 B/s | 3.5 MB  --:-- ETA 

Retrieving file vmlinuz...                                  |  11 MB  00:00     

Retrieving file initrd.img 24% [====             ]    0 B/s |  22 MB  --:-- ETA 

Retrieving file initrd.img 48% [========         ]  34 MB/s |  42 MB  00:01 ETA 

Retrieving file initrd.img 73% [============     ]  36 MB/s |  64 MB  00:00 ETA 

Retrieving file initrd.img 96% [================ ]  38 MB/s |  84 MB  00:00 ETA 

Retrieving file initrd.img...                               |  87 MB  00:01     

Allocating 'bootstrap.img'  0% [                 ]    0 B/s |  19 MB  --:-- ETA 

Allocating 'bootstrap.img'                                  |  12 GB  00:01     
Domain installation still in progress.
Waiting 20 minutes for installation to complete.
Installation has exceeded specified time limit. Exiting application.
Standard Error: 
2024-05-05 00:52:10,634 - __main__ - ERROR - Host bootstrap not found in /root/.ssh/known_hosts
2024-05-05 01:02:32,519 - __main__ - ERROR - Host client00 not found in /root/.ssh/known_hosts
2024-05-05 01:02:32,589 - __main__ - ERROR - Host client00 not found in /home/jbent/.ssh/known_hosts
2024-05-05 01:04:53,426 - __main__ - ERROR - Host client01 not found in /root/.ssh/known_hosts
2024-05-05 01:04:53,430 - __main__ - ERROR - Host client01 not found in /home/jbent/.ssh/known_hosts
2024-05-05 01:06:13,325 - __main__ - ERROR - Host client02 not found in /root/.ssh/known_hosts
2024-05-05 01:06:13,330 - __main__ - ERROR - Host client02 not found in /home/jbent/.ssh/known_hosts
2024-05-05 01:07:34,075 - __main__ - ERROR - Host client03 not found in /root/.ssh/known_hosts
2024-05-05 01:07:34,080 - __main__ - ERROR - Host client03 not found in /home/jbent/.ssh/known_hosts
2024-05-05 01:08:56,124 - __main__ - ERROR - Host client04 not found in /root/.ssh/known_hosts
2024-05-05 01:08:56,128 - __main__ - ERROR - Host client04 not found in /home/jbent/.ssh/known_hosts
2024-05-05 01:10:20,273 - __main__ - ERROR - Host client05 not found in /root/.ssh/known_hosts
2024-05-05 01:10:20,278 - __main__ - ERROR - Host client05 not found in /home/jbent/.ssh/known_hosts
2024-05-05 01:11:48,059 - __main__ - ERROR - Host client06 not found in /root/.ssh/known_hosts
2024-05-05 01:11:48,064 - __main__ - ERROR - Host client06 not found in /home/jbent/.ssh/known_hosts
2024-05-05 01:13:17,547 - __main__ - ERROR - Host client07 not found in /root/.ssh/known_hosts
2024-05-05 01:13:17,552 - __main__ - ERROR - Host client07 not found in /home/jbent/.ssh/known_hosts
2024-05-05 01:14:50,289 - __main__ - ERROR - Host client08 not found in /root/.ssh/known_hosts
2024-05-05 01:14:50,293 - __main__ - ERROR - Host client08 not found in /home/jbent/.ssh/known_hosts
2024-05-05 01:16:24,754 - __main__ - ERROR - Host client09 not found in /root/.ssh/known_hosts
2024-05-05 01:16:24,759 - __main__ - ERROR - Host client09 not found in /home/jbent/.ssh/known_hosts
2024-05-05 01:17:33,054 - __main__ - ERROR - Host client10 not found in /root/.ssh/known_hosts
2024-05-05 01:17:33,059 - __main__ - ERROR - Host client10 not found in /home/jbent/.ssh/known_hosts
2024-05-05 01:18:42,707 - __main__ - ERROR - Host client11 not found in /root/.ssh/known_hosts
2024-05-05 01:18:42,712 - __main__ - ERROR - Host client11 not found in /home/jbent/.ssh/known_hosts
2024-05-05 01:19:52,961 - __main__ - ERROR - Host client12 not found in /root/.ssh/known_hosts
2024-05-05 01:19:52,965 - __main__ - ERROR - Host client12 not found in /home/jbent/.ssh/known_hosts
2024-05-05 01:21:00,885 - __main__ - ERROR - Host client13 not found in /root/.ssh/known_hosts
2024-05-05 01:21:00,890 - __main__ - ERROR - Host client13 not found in /home/jbent/.ssh/known_hosts
2024-05-05 01:22:09,351 - __main__ - ERROR - Host client14 not found in /root/.ssh/known_hosts
2024-05-05 01:22:09,356 - __main__ - ERROR - Host client14 not found in /home/jbent/.ssh/known_hosts
2024-05-05 01:23:20,244 - __main__ - ERROR - Host client15 not found in /root/.ssh/known_hosts
2024-05-05 01:23:20,248 - __main__ - ERROR - Host client15 not found in /home/jbent/.ssh/known_hosts
2024-05-05 01:24:31,784 - __main__ - ERROR - Host client16 not found in /root/.ssh/known_hosts
2024-05-05 01:24:31,789 - __main__ - ERROR - Host client16 not found in /home/jbent/.ssh/known_hosts
2024-05-05 01:25:45,384 - __main__ - ERROR - Host client17 not found in /root/.ssh/known_hosts
2024-05-05 01:25:45,388 - __main__ - ERROR - Host client17 not found in /home/jbent/.ssh/known_hosts
2024-05-05 01:26:59,149 - __main__ - ERROR - Host client18 not found in /root/.ssh/known_hosts
2024-05-05 01:26:59,153 - __main__ - ERROR - Host client18 not found in /home/jbent/.ssh/known_hosts
2024-05-05 01:28:11,406 - __main__ - ERROR - Host client19 not found in /root/.ssh/known_hosts
2024-05-05 01:28:11,411 - __main__ - ERROR - Host client19 not found in /home/jbent/.ssh/known_hosts
2024-05-05 01:31:44,303 - __main__ - ERROR - Host mds00 not found in /root/.ssh/known_hosts
2024-05-05 01:31:44,309 - __main__ - ERROR - Host mds00 not found in /home/jbent/.ssh/known_hosts
2024-05-05 01:33:18,152 - __main__ - ERROR - Host mds01 not found in /root/.ssh/known_hosts
2024-05-05 01:33:18,156 - __main__ - ERROR - Host mds01 not found in /home/jbent/.ssh/known_hosts
2024-05-05 01:34:52,261 - __main__ - ERROR - Host oss00 not found in /root/.ssh/known_hosts
2024-05-05 01:34:52,265 - __main__ - ERROR - Host oss00 not found in /home/jbent/.ssh/known_hosts
2024-05-05 01:36:31,884 - __main__ - ERROR - Host oss01 not found in /root/.ssh/known_hosts
2024-05-05 01:36:31,888 - __main__ - ERROR - Host oss01 not found in /home/jbent/.ssh/known_hosts
2024-05-05 02:01:53,157 - __main__ - WARNING - SUMMARY: Playbook /home/jbent/tassi/scripts/ansible/configure_all.yaml executed successfully. Output in output/autotest.20c2m2o.yaml/ansible.configure_all.yaml.out.
2024-05-05 02:05:38,658 - __main__ - WARNING - SUMMARY: Playbook /home/jbent/tassi/scripts/ansible/test_lustre.yaml executed successfully. Output in output/autotest.20c2m2o.yaml/ansible.test_lustre.yaml.out.
2024-05-05 02:08:12,437 - __main__ - WARNING - SUMMARY: Executed ./tests/simple_mpi_ior.sh: 0. Output in output/autotest.20c2m2o.yaml/simple_mpi_ior.sh.out.
