2024-05-03 14:05:34,084 - __main__ - ERROR - Host client00 not found in /home/jbent/.ssh/known_hosts
2024-05-03 14:07:46,311 - __main__ - ERROR - Host client01 not found in /root/.ssh/known_hosts
2024-05-03 14:07:46,315 - __main__ - ERROR - Host client01 not found in /home/jbent/.ssh/known_hosts
2024-05-03 14:08:57,936 - __main__ - ERROR - Host client02 not found in /root/.ssh/known_hosts
2024-05-03 14:08:57,940 - __main__ - ERROR - Host client02 not found in /home/jbent/.ssh/known_hosts
2024-05-03 14:10:15,069 - __main__ - ERROR - Host client03 not found in /root/.ssh/known_hosts
2024-05-03 14:10:15,076 - __main__ - ERROR - Host client03 not found in /home/jbent/.ssh/known_hosts
2024-05-03 14:11:51,011 - __main__ - ERROR - Host client04 not found in /root/.ssh/known_hosts
2024-05-03 14:11:51,017 - __main__ - ERROR - Host client04 not found in /home/jbent/.ssh/known_hosts
2024-05-03 14:13:21,233 - __main__ - ERROR - Host client05 not found in /root/.ssh/known_hosts
2024-05-03 14:13:21,238 - __main__ - ERROR - Host client05 not found in /home/jbent/.ssh/known_hosts
2024-05-03 14:14:43,852 - __main__ - ERROR - Host client06 not found in /root/.ssh/known_hosts
2024-05-03 14:14:43,857 - __main__ - ERROR - Host client06 not found in /home/jbent/.ssh/known_hosts
2024-05-03 14:16:05,618 - __main__ - ERROR - Host client07 not found in /root/.ssh/known_hosts
2024-05-03 14:16:05,622 - __main__ - ERROR - Host client07 not found in /home/jbent/.ssh/known_hosts
2024-05-03 14:17:27,451 - __main__ - ERROR - Host client08 not found in /root/.ssh/known_hosts
2024-05-03 14:17:27,456 - __main__ - ERROR - Host client08 not found in /home/jbent/.ssh/known_hosts
2024-05-03 14:18:42,700 - __main__ - ERROR - Host client09 not found in /root/.ssh/known_hosts
2024-05-03 14:18:42,705 - __main__ - ERROR - Host client09 not found in /home/jbent/.ssh/known_hosts
2024-05-03 14:20:02,293 - __main__ - ERROR - Host client10 not found in /root/.ssh/known_hosts
2024-05-03 14:20:02,299 - __main__ - ERROR - Host client10 not found in /home/jbent/.ssh/known_hosts
2024-05-03 14:21:49,641 - __main__ - ERROR - Host client11 not found in /root/.ssh/known_hosts
2024-05-03 14:21:49,646 - __main__ - ERROR - Host client11 not found in /home/jbent/.ssh/known_hosts
2024-05-03 14:23:16,566 - __main__ - ERROR - Host client12 not found in /root/.ssh/known_hosts
2024-05-03 14:23:16,571 - __main__ - ERROR - Host client12 not found in /home/jbent/.ssh/known_hosts
2024-05-03 14:24:39,637 - __main__ - ERROR - Host client13 not found in /root/.ssh/known_hosts
2024-05-03 14:24:39,642 - __main__ - ERROR - Host client13 not found in /home/jbent/.ssh/known_hosts
2024-05-03 14:24:40,149 - __main__ - ERROR - ERROR    There is not enough free space on the storage pool to create the volume. (12288 M requested allocation > 7514 M available)
2024-05-03 14:24:40,150 - __main__ - WARNING - FATAL ERROR: VM client14 not found
2024-05-03 14:24:40,150 - __main__ - ERROR - FATAL ERROR: VM client14 not found
