2024-05-04 13:35:15,908 - __main__ - ERROR - Warning message: Potential failure to create VM bootstrap:
Return code: 1
Standard Output: Starting install...

Retrieving file vmlinuz... 33% [=====-           ]    0 B/s | 3.5 MB  --:-- ETA 

Retrieving file vmlinuz...                                  |  11 MB  00:00     

Retrieving file initrd.img 22% [===-             ]    0 B/s |  20 MB  --:-- ETA 

Retrieving file initrd.img 47% [========         ]  36 MB/s |  41 MB  00:01 ETA 

Retrieving file initrd.img 72% [============     ]  38 MB/s |  63 MB  00:00 ETA 

Retrieving file initrd.img 92% [===============- ]  39 MB/s |  81 MB  00:00 ETA 

Retrieving file initrd.img...                               |  87 MB  00:01     

Allocating 'bootstrap.img'  0% [                 ]    0 B/s |  21 MB  --:-- ETA 

Allocating 'bootstrap.img'                                  |  12 GB  00:01     
Domain installation still in progress.
Waiting 20 minutes for installation to complete.
Installation has exceeded specified time limit. Exiting application.
Standard Error: 
2024-05-04 13:40:56,294 - __main__ - ERROR - Host bootstrap not found in /root/.ssh/known_hosts
2024-05-04 13:51:16,792 - __main__ - ERROR - Host client00 not found in /home/jbent/.ssh/known_hosts
2024-05-04 13:53:19,918 - __main__ - ERROR - Host client01 not found in /root/.ssh/known_hosts
2024-05-04 13:53:19,923 - __main__ - ERROR - Host client01 not found in /home/jbent/.ssh/known_hosts
2024-05-04 13:55:17,675 - __main__ - ERROR - Host client02 not found in /root/.ssh/known_hosts
2024-05-04 13:55:17,698 - __main__ - ERROR - Host client02 not found in /home/jbent/.ssh/known_hosts
2024-05-04 13:56:41,383 - __main__ - ERROR - Host client03 not found in /root/.ssh/known_hosts
2024-05-04 13:56:41,388 - __main__ - ERROR - Host client03 not found in /home/jbent/.ssh/known_hosts
2024-05-04 13:58:03,866 - __main__ - ERROR - Host client04 not found in /root/.ssh/known_hosts
2024-05-04 13:58:03,872 - __main__ - ERROR - Host client04 not found in /home/jbent/.ssh/known_hosts
2024-05-04 13:59:29,640 - __main__ - ERROR - Host client05 not found in /root/.ssh/known_hosts
2024-05-04 13:59:29,645 - __main__ - ERROR - Host client05 not found in /home/jbent/.ssh/known_hosts
2024-05-04 14:00:57,149 - __main__ - ERROR - Host client06 not found in /root/.ssh/known_hosts
2024-05-04 14:00:57,154 - __main__ - ERROR - Host client06 not found in /home/jbent/.ssh/known_hosts
2024-05-04 14:02:25,874 - __main__ - ERROR - Host client07 not found in /root/.ssh/known_hosts
2024-05-04 14:02:25,879 - __main__ - ERROR - Host client07 not found in /home/jbent/.ssh/known_hosts
2024-05-04 14:03:59,138 - __main__ - ERROR - Host client08 not found in /root/.ssh/known_hosts
2024-05-04 14:03:59,143 - __main__ - ERROR - Host client08 not found in /home/jbent/.ssh/known_hosts
2024-05-04 14:05:34,446 - __main__ - ERROR - Host client09 not found in /root/.ssh/known_hosts
2024-05-04 14:05:34,450 - __main__ - ERROR - Host client09 not found in /home/jbent/.ssh/known_hosts
2024-05-04 14:06:41,170 - __main__ - ERROR - Host client10 not found in /root/.ssh/known_hosts
2024-05-04 14:06:41,175 - __main__ - ERROR - Host client10 not found in /home/jbent/.ssh/known_hosts
2024-05-04 14:07:51,478 - __main__ - ERROR - Host client11 not found in /root/.ssh/known_hosts
2024-05-04 14:07:51,483 - __main__ - ERROR - Host client11 not found in /home/jbent/.ssh/known_hosts
2024-05-04 14:09:02,277 - __main__ - ERROR - Host client12 not found in /root/.ssh/known_hosts
2024-05-04 14:09:02,282 - __main__ - ERROR - Host client12 not found in /home/jbent/.ssh/known_hosts
2024-05-04 14:10:11,319 - __main__ - ERROR - Host client13 not found in /root/.ssh/known_hosts
2024-05-04 14:10:11,323 - __main__ - ERROR - Host client13 not found in /home/jbent/.ssh/known_hosts
2024-05-04 14:11:19,403 - __main__ - ERROR - Host client14 not found in /root/.ssh/known_hosts
2024-05-04 14:11:19,408 - __main__ - ERROR - Host client14 not found in /home/jbent/.ssh/known_hosts
2024-05-04 14:12:30,261 - __main__ - ERROR - Host client15 not found in /root/.ssh/known_hosts
2024-05-04 14:12:30,267 - __main__ - ERROR - Host client15 not found in /home/jbent/.ssh/known_hosts
2024-05-04 14:13:40,643 - __main__ - ERROR - Host client16 not found in /root/.ssh/known_hosts
2024-05-04 14:13:40,648 - __main__ - ERROR - Host client16 not found in /home/jbent/.ssh/known_hosts
2024-05-04 14:14:54,668 - __main__ - ERROR - Host client17 not found in /root/.ssh/known_hosts
2024-05-04 14:14:54,674 - __main__ - ERROR - Host client17 not found in /home/jbent/.ssh/known_hosts
2024-05-04 14:16:10,033 - __main__ - ERROR - Host client18 not found in /root/.ssh/known_hosts
2024-05-04 14:16:10,038 - __main__ - ERROR - Host client18 not found in /home/jbent/.ssh/known_hosts
2024-05-04 14:17:22,350 - __main__ - ERROR - Host client19 not found in /root/.ssh/known_hosts
2024-05-04 14:17:22,355 - __main__ - ERROR - Host client19 not found in /home/jbent/.ssh/known_hosts
2024-05-04 14:20:53,344 - __main__ - ERROR - Host mds00 not found in /root/.ssh/known_hosts
2024-05-04 14:20:53,349 - __main__ - ERROR - Host mds00 not found in /home/jbent/.ssh/known_hosts
2024-05-04 14:22:25,057 - __main__ - ERROR - Host mds01 not found in /root/.ssh/known_hosts
2024-05-04 14:22:25,062 - __main__ - ERROR - Host mds01 not found in /home/jbent/.ssh/known_hosts
2024-05-04 14:24:00,352 - __main__ - ERROR - Host oss00 not found in /root/.ssh/known_hosts
2024-05-04 14:24:00,357 - __main__ - ERROR - Host oss00 not found in /home/jbent/.ssh/known_hosts
2024-05-04 14:25:40,710 - __main__ - ERROR - Host oss01 not found in /root/.ssh/known_hosts
2024-05-04 14:25:40,714 - __main__ - ERROR - Host oss01 not found in /home/jbent/.ssh/known_hosts
