2024-09-29 19:30:37,681 - __main__ - ERROR - Host bootstrap not found in /root/.ssh/known_hosts
2024-09-29 19:42:04,614 - __main__ - WARNING - SUMMARY: Playbook /home/jbent/tassi/scripts/ansible/install_beegfs_all.yaml executed successfully. Output in output/autotest.beegfs.2c2m2s.yaml/ansible.gold-beegfs-almalinux8-client.install_beegfs_all.yaml.out.
2024-09-29 19:50:53,266 - __main__ - WARNING - SUMMARY: Playbook /home/jbent/tassi/scripts/ansible/install_beegfs_all.yaml executed successfully. Output in output/autotest.beegfs.2c2m2s.yaml/ansible.gold-beegfs-almalinux8-server.install_beegfs_all.yaml.out.
2024-09-29 20:04:00,551 - __main__ - WARNING - SUMMARY: Playbook /home/jbent/tassi/scripts/ansible/configure_beegfs.yaml executed successfully. Output in output/autotest.beegfs.2c2m2s.yaml/ansible.configure_beegfs.yaml.out.
2024-09-29 20:04:05,552 - __main__ - WARNING - SUMMARY: Playbook /home/jbent/tassi/scripts/ansible/test_beegfs.yaml executed successfully. Output in output/autotest.beegfs.2c2m2s.yaml/ansible.test_beegfs.yaml.out.
2024-09-29 20:04:07,287 - __main__ - WARNING - SUMMARY: Executed ./tests/mpi_ior.py: 0. Output in output/autotest.beegfs.2c2m2s.yaml/mpi_ior.py.out.
