2024-07-11 19:13:28,133 - __main__ - ERROR - Host bootstrap not found in /root/.ssh/known_hosts
2024-07-11 19:13:34,615 - __main__ - ERROR - Host gold-beegfs-client not found in /root/.ssh/known_hosts
2024-07-11 19:13:34,621 - __main__ - ERROR - Host gold-beegfs-client not found in /home/jbent/.ssh/known_hosts
2024-07-11 19:22:45,665 - __main__ - WARNING - SUMMARY: Playbook /home/jbent/tassi/scripts/ansible/install_beegfs_all.yaml executed successfully. Output in output/autotest.beegfs.2c2m2s.yaml/ansible.gold-beegfs-client.install_beegfs_all.yaml.out.
2024-07-11 19:24:47,523 - __main__ - ERROR - Host gold-beegfs-server not found in /root/.ssh/known_hosts
2024-07-11 19:24:47,528 - __main__ - ERROR - Host gold-beegfs-server not found in /home/jbent/.ssh/known_hosts
2024-07-11 19:30:59,392 - __main__ - WARNING - SUMMARY: Playbook /home/jbent/tassi/scripts/ansible/install_beegfs_all.yaml executed successfully. Output in output/autotest.beegfs.2c2m2s.yaml/ansible.gold-beegfs-server.install_beegfs_all.yaml.out.
2024-07-11 19:33:04,982 - __main__ - ERROR - Host client00 not found in /home/jbent/.ssh/known_hosts
2024-07-11 19:33:10,740 - __main__ - ERROR - Host client01 not found in /root/.ssh/known_hosts
2024-07-11 19:33:10,745 - __main__ - ERROR - Host client01 not found in /home/jbent/.ssh/known_hosts
2024-07-11 19:33:19,259 - __main__ - ERROR - Host meta00 not found in /root/.ssh/known_hosts
2024-07-11 19:33:25,570 - __main__ - ERROR - Host meta01 not found in /root/.ssh/known_hosts
2024-07-11 19:33:25,576 - __main__ - ERROR - Host meta01 not found in /home/jbent/.ssh/known_hosts
2024-07-11 19:33:33,026 - __main__ - ERROR - Host data00 not found in /root/.ssh/known_hosts
2024-07-11 19:33:33,032 - __main__ - ERROR - Host data00 not found in /home/jbent/.ssh/known_hosts
2024-07-11 19:33:39,613 - __main__ - ERROR - Host data01 not found in /root/.ssh/known_hosts
2024-07-11 19:33:39,618 - __main__ - ERROR - Host data01 not found in /home/jbent/.ssh/known_hosts
2024-07-11 19:38:31,019 - __main__ - WARNING - FATAL ERROR: Playbook /home/jbent/tassi/scripts/ansible/configure_beegfs.yaml execution failed with status: failed
2024-07-11 19:38:31,020 - __main__ - ERROR - FATAL ERROR: Playbook /home/jbent/tassi/scripts/ansible/configure_beegfs.yaml execution failed with status: failed
