2024-04-30 20:42:39,192 - __main__ - ERROR - Warning message: Potential failure to create VM bootstrap:
Return code: 1
Standard Output: Starting install...

Retrieving file vmlinuz...  8% [=                ]    0 B/s | 896 kB  --:-- ETA 

Retrieving file vmlinuz...                                  |  11 MB  00:00     

Retrieving file initrd.img 18% [===              ]    0 B/s |  16 MB  --:-- ETA 

Retrieving file initrd.img 36% [======           ]  25 MB/s |  32 MB  00:02 ETA 

Retrieving file initrd.img 54% [=========        ]  26 MB/s |  47 MB  00:01 ETA 

Retrieving file initrd.img 71% [============     ]  28 MB/s |  62 MB  00:00 ETA 

Retrieving file initrd.img 89% [===============  ]  29 MB/s |  78 MB  00:00 ETA 

Retrieving file initrd.img...                               |  87 MB  00:01     

Allocating 'bootstrap.img'  0% [                 ]    0 B/s |  10 MB  --:-- ETA 

Allocating 'bootstrap.img'                                  |  12 GB  00:01     
Domain installation still in progress.
Waiting 20 minutes for installation to complete.
Installation has exceeded specified time limit. Exiting application.
Standard Error: 
2024-04-30 20:42:57,848 - __main__ - ERROR - Host bootstrap not found in /root/.ssh/known_hosts
2024-04-30 20:43:53,116 - __main__ - ERROR - Host gold-lustre-client not found in /root/.ssh/known_hosts
2024-04-30 20:43:53,122 - __main__ - ERROR - Host gold-lustre-client not found in /home/jbent/.ssh/known_hosts
2024-04-30 21:05:52,106 - __main__ - WARNING - SUMMARY: Playbook /home/jbent/tassi/scripts/ansible/install_all.yaml executed successfully. Output in output/autotest.6c2m2o.yaml/ansible.gold-lustre-client.install_all.yaml.out.
2024-04-30 21:08:43,484 - __main__ - ERROR - Host gold-lustre-server not found in /root/.ssh/known_hosts
2024-04-30 21:08:43,490 - __main__ - ERROR - Host gold-lustre-server not found in /home/jbent/.ssh/known_hosts
2024-04-30 21:49:15,408 - __main__ - WARNING - SUMMARY: Playbook /home/jbent/tassi/scripts/ansible/install_all.yaml executed successfully. Output in output/autotest.6c2m2o.yaml/ansible.gold-lustre-server.install_all.yaml.out.
2024-04-30 21:53:01,907 - __main__ - ERROR - Host client00 not found in /home/jbent/.ssh/known_hosts
2024-04-30 21:54:17,976 - __main__ - ERROR - Host client01 not found in /root/.ssh/known_hosts
2024-04-30 21:54:17,980 - __main__ - ERROR - Host client01 not found in /home/jbent/.ssh/known_hosts
2024-04-30 21:55:30,750 - __main__ - ERROR - Host client02 not found in /root/.ssh/known_hosts
2024-04-30 21:55:30,755 - __main__ - ERROR - Host client02 not found in /home/jbent/.ssh/known_hosts
2024-04-30 21:56:46,241 - __main__ - ERROR - Host client03 not found in /root/.ssh/known_hosts
2024-04-30 21:56:46,247 - __main__ - ERROR - Host client03 not found in /home/jbent/.ssh/known_hosts
2024-04-30 21:58:02,891 - __main__ - ERROR - Host client04 not found in /root/.ssh/known_hosts
2024-04-30 21:58:02,896 - __main__ - ERROR - Host client04 not found in /home/jbent/.ssh/known_hosts
2024-04-30 21:59:21,840 - __main__ - ERROR - Host client05 not found in /root/.ssh/known_hosts
2024-04-30 21:59:21,844 - __main__ - ERROR - Host client05 not found in /home/jbent/.ssh/known_hosts
2024-04-30 22:02:09,330 - __main__ - ERROR - Host mds00 not found in /root/.ssh/known_hosts
2024-04-30 22:02:09,334 - __main__ - ERROR - Host mds00 not found in /home/jbent/.ssh/known_hosts
2024-04-30 22:03:48,637 - __main__ - ERROR - Host mds01 not found in /root/.ssh/known_hosts
2024-04-30 22:03:48,642 - __main__ - ERROR - Host mds01 not found in /home/jbent/.ssh/known_hosts
2024-04-30 22:05:25,219 - __main__ - ERROR - Host oss00 not found in /root/.ssh/known_hosts
2024-04-30 22:05:25,224 - __main__ - ERROR - Host oss00 not found in /home/jbent/.ssh/known_hosts
2024-04-30 22:07:01,827 - __main__ - ERROR - Host oss01 not found in /root/.ssh/known_hosts
2024-04-30 22:07:01,831 - __main__ - ERROR - Host oss01 not found in /home/jbent/.ssh/known_hosts
2024-04-30 22:14:16,693 - __main__ - WARNING - SUMMARY: Playbook /home/jbent/tassi/scripts/ansible/configure_all.yaml executed successfully. Output in output/autotest.6c2m2o.yaml/ansible.configure_all.yaml.out.
2024-04-30 22:15:47,632 - __main__ - WARNING - SUMMARY: Playbook /home/jbent/tassi/scripts/ansible/test_lustre.yaml executed successfully. Output in output/autotest.6c2m2o.yaml/ansible.test_lustre.yaml.out.
2024-04-30 22:16:08,365 - __main__ - WARNING - SUMMARY: Executed ./tests/simple_mpi_ior_4clients.sh: 0. Output in output/autotest.6c2m2o.yaml/simple_mpi_ior_4clients.sh.out.
