2024-05-01 17:51:51,466 - __main__ - ERROR - Host client00 not found in /home/jbent/.ssh/known_hosts
2024-05-01 17:53:04,512 - __main__ - ERROR - Host client01 not found in /root/.ssh/known_hosts
2024-05-01 17:53:04,517 - __main__ - ERROR - Host client01 not found in /home/jbent/.ssh/known_hosts
2024-05-01 17:54:21,978 - __main__ - ERROR - Host client02 not found in /root/.ssh/known_hosts
2024-05-01 17:54:21,982 - __main__ - ERROR - Host client02 not found in /home/jbent/.ssh/known_hosts
2024-05-01 17:55:39,229 - __main__ - ERROR - Host client03 not found in /root/.ssh/known_hosts
2024-05-01 17:55:39,233 - __main__ - ERROR - Host client03 not found in /home/jbent/.ssh/known_hosts
2024-05-01 17:57:01,744 - __main__ - ERROR - Host client04 not found in /root/.ssh/known_hosts
2024-05-01 17:57:01,750 - __main__ - ERROR - Host client04 not found in /home/jbent/.ssh/known_hosts
2024-05-01 17:58:26,560 - __main__ - ERROR - Host client05 not found in /root/.ssh/known_hosts
2024-05-01 17:58:26,565 - __main__ - ERROR - Host client05 not found in /home/jbent/.ssh/known_hosts
2024-05-01 18:02:17,245 - __main__ - ERROR - Host mds00 not found in /root/.ssh/known_hosts
2024-05-01 18:02:17,251 - __main__ - ERROR - Host mds00 not found in /home/jbent/.ssh/known_hosts
2024-05-01 18:03:57,799 - __main__ - ERROR - Host mds01 not found in /root/.ssh/known_hosts
2024-05-01 18:03:57,804 - __main__ - ERROR - Host mds01 not found in /home/jbent/.ssh/known_hosts
2024-05-01 18:05:37,349 - __main__ - ERROR - Host oss00 not found in /root/.ssh/known_hosts
2024-05-01 18:05:37,354 - __main__ - ERROR - Host oss00 not found in /home/jbent/.ssh/known_hosts
2024-05-01 18:07:18,007 - __main__ - ERROR - Host oss01 not found in /root/.ssh/known_hosts
2024-05-01 18:07:18,024 - __main__ - ERROR - Host oss01 not found in /home/jbent/.ssh/known_hosts
2024-05-01 18:14:46,210 - __main__ - WARNING - SUMMARY: Playbook /home/jbent/tassi/scripts/ansible/configure_all.yaml executed successfully. Output in output/autotest.6c2m2o.yaml/ansible.configure_all.yaml.out.
2024-05-01 18:16:15,666 - __main__ - WARNING - SUMMARY: Playbook /home/jbent/tassi/scripts/ansible/test_lustre.yaml executed successfully. Output in output/autotest.6c2m2o.yaml/ansible.test_lustre.yaml.out.
2024-05-01 18:16:38,690 - __main__ - WARNING - SUMMARY: Executed ./tests/simple_mpi_ior.sh: 0. Output in output/autotest.6c2m2o.yaml/simple_mpi_ior.sh.out.
