2024-04-29 15:25:08,832 - __main__ - ERROR - Warning message: Potential failure to create VM bootstrap:
Return code: 1
Standard Output: Starting install...

Retrieving file vmlinuz...  6% [=                ]    0 B/s | 752 kB  --:-- ETA 

Retrieving file vmlinuz... 92% [===============- ]  15 MB/s | 9.7 MB  00:00 ETA 

Retrieving file vmlinuz...                                  |  11 MB  00:00     

Retrieving file initrd.img 16% [==-              ]    0 B/s |  14 MB  --:-- ETA 

Retrieving file initrd.img 32% [=====            ]  22 MB/s |  28 MB  00:02 ETA 

Retrieving file initrd.img 48% [========         ]  23 MB/s |  42 MB  00:01 ETA 

Retrieving file initrd.img 60% [==========       ]  24 MB/s |  53 MB  00:01 ETA 

Retrieving file initrd.img 77% [=============    ]  25 MB/s |  67 MB  00:00 ETA 

Retrieving file initrd.img 91% [===============- ]  26 MB/s |  79 MB  00:00 ETA 

Retrieving file initrd.img...                               |  87 MB  00:02     

Allocating 'bootstrap.img'  0% [                 ]    0 B/s |  20 MB  --:-- ETA 

Allocating 'bootstrap.img'                                  |  12 GB  00:01     
Domain installation still in progress.
Waiting 20 minutes for installation to complete.
Installation has exceeded specified time limit. Exiting application.
Standard Error: 
2024-04-29 15:25:27,566 - __main__ - ERROR - Host bootstrap not found in /root/.ssh/known_hosts
2024-04-29 15:26:17,245 - __main__ - ERROR - Host gold-lustre-client not found in /root/.ssh/known_hosts
2024-04-29 15:26:17,250 - __main__ - ERROR - Host gold-lustre-client not found in /home/jbent/.ssh/known_hosts
2024-04-29 15:28:08,414 - __main__ - ERROR - FATAL ERROR: Playbook execution failed with status: failed
