2024-04-29 16:04:08,128 - __main__ - ERROR - Warning message: Potential failure to create VM bootstrap:
Return code: 1
Standard Output: Starting install...

Retrieving file vmlinuz... 22% [===-             ]    0 B/s | 2.4 MB  --:-- ETA 

Retrieving file vmlinuz...                                  |  11 MB  00:00     

Retrieving file initrd.img 20% [===              ]    0 B/s |  18 MB  --:-- ETA 

Retrieving file initrd.img 41% [=======          ]  31 MB/s |  36 MB  00:01 ETA 

Retrieving file initrd.img 63% [==========-      ]  33 MB/s |  56 MB  00:00 ETA 

Retrieving file initrd.img 85% [==============-  ]  35 MB/s |  74 MB  00:00 ETA 

Retrieving file initrd.img...                               |  87 MB  00:01     

Allocating 'bootstrap.img'  0% [                 ]    0 B/s |  23 MB  --:-- ETA 

Allocating 'bootstrap.img'                                  |  12 GB  00:01     
Domain installation still in progress.
Waiting 20 minutes for installation to complete.
Installation has exceeded specified time limit. Exiting application.
Standard Error: 
2024-04-29 16:04:26,220 - __main__ - ERROR - Host bootstrap not found in /root/.ssh/known_hosts
2024-04-29 16:05:11,762 - __main__ - ERROR - Host gold-lustre-client not found in /root/.ssh/known_hosts
2024-04-29 16:05:11,769 - __main__ - ERROR - Host gold-lustre-client not found in /home/jbent/.ssh/known_hosts
2024-04-29 16:44:09,812 - __main__ - WARNING - SUMMARY: Playbook /home/jbent/tassi/scripts/ansible/install_all.yaml executed successfully. Output in output/autotest.2c2m2o.yaml/ansible.gold-lustre-client.install_all.yaml.out.
2024-04-29 16:47:03,904 - __main__ - ERROR - Host gold-lustre-server not found in /root/.ssh/known_hosts
2024-04-29 16:47:03,935 - __main__ - ERROR - Host gold-lustre-server not found in /home/jbent/.ssh/known_hosts
2024-04-29 16:55:08,327 - __main__ - ERROR - FATAL ERROR: Playbook execution failed with status: failed
