2024-05-02 14:44:46,095 - __main__ - ERROR - Host client00 not found in /home/jbent/.ssh/known_hosts
2024-05-02 14:46:26,141 - __main__ - ERROR - Host client01 not found in /root/.ssh/known_hosts
2024-05-02 14:46:26,146 - __main__ - ERROR - Host client01 not found in /home/jbent/.ssh/known_hosts
2024-05-02 14:47:41,274 - __main__ - ERROR - Host client02 not found in /root/.ssh/known_hosts
2024-05-02 14:47:41,279 - __main__ - ERROR - Host client02 not found in /home/jbent/.ssh/known_hosts
2024-05-02 14:48:56,241 - __main__ - ERROR - Host client03 not found in /root/.ssh/known_hosts
2024-05-02 14:48:56,246 - __main__ - ERROR - Host client03 not found in /home/jbent/.ssh/known_hosts
2024-05-02 14:50:14,549 - __main__ - ERROR - Host client04 not found in /root/.ssh/known_hosts
2024-05-02 14:50:14,554 - __main__ - ERROR - Host client04 not found in /home/jbent/.ssh/known_hosts
2024-05-02 14:51:37,834 - __main__ - ERROR - Host client05 not found in /root/.ssh/known_hosts
2024-05-02 14:51:37,838 - __main__ - ERROR - Host client05 not found in /home/jbent/.ssh/known_hosts
2024-05-02 14:53:01,757 - __main__ - ERROR - Host client06 not found in /root/.ssh/known_hosts
2024-05-02 14:53:01,762 - __main__ - ERROR - Host client06 not found in /home/jbent/.ssh/known_hosts
2024-05-02 14:54:24,866 - __main__ - ERROR - Host client07 not found in /root/.ssh/known_hosts
2024-05-02 14:54:24,871 - __main__ - ERROR - Host client07 not found in /home/jbent/.ssh/known_hosts
2024-05-02 14:55:42,536 - __main__ - ERROR - Host client08 not found in /root/.ssh/known_hosts
2024-05-02 14:55:42,542 - __main__ - ERROR - Host client08 not found in /home/jbent/.ssh/known_hosts
2024-05-02 14:56:57,315 - __main__ - ERROR - Host client09 not found in /root/.ssh/known_hosts
2024-05-02 14:56:57,320 - __main__ - ERROR - Host client09 not found in /home/jbent/.ssh/known_hosts
2024-05-02 15:00:46,094 - __main__ - ERROR - Host mds00 not found in /root/.ssh/known_hosts
2024-05-02 15:00:46,100 - __main__ - ERROR - Host mds00 not found in /home/jbent/.ssh/known_hosts
2024-05-02 15:02:23,410 - __main__ - ERROR - Host mds01 not found in /root/.ssh/known_hosts
2024-05-02 15:02:23,416 - __main__ - ERROR - Host mds01 not found in /home/jbent/.ssh/known_hosts
2024-05-02 15:04:02,368 - __main__ - ERROR - Host oss00 not found in /root/.ssh/known_hosts
2024-05-02 15:04:02,373 - __main__ - ERROR - Host oss00 not found in /home/jbent/.ssh/known_hosts
2024-05-02 15:05:45,600 - __main__ - ERROR - Host oss01 not found in /root/.ssh/known_hosts
2024-05-02 15:05:45,604 - __main__ - ERROR - Host oss01 not found in /home/jbent/.ssh/known_hosts
2024-05-02 15:17:20,979 - __main__ - WARNING - SUMMARY: Playbook /home/jbent/tassi/scripts/ansible/configure_all.yaml executed successfully. Output in output/autotest.10c2m2o.yaml/ansible.configure_all.yaml.out.
2024-05-02 15:19:26,146 - __main__ - WARNING - SUMMARY: Playbook /home/jbent/tassi/scripts/ansible/test_lustre.yaml executed successfully. Output in output/autotest.10c2m2o.yaml/ansible.test_lustre.yaml.out.
2024-05-02 15:20:24,515 - __main__ - WARNING - SUMMARY: Executed ./tests/simple_mpi_ior.sh: 0. Output in output/autotest.10c2m2o.yaml/simple_mpi_ior.sh.out.
