2024-09-24 16:12:41,537 - __main__ - ERROR - Host bootstrap not found in /root/.ssh/known_hosts
2024-09-24 16:35:52,146 - __main__ - WARNING - SUMMARY: Playbook /home/jbent/tassi/scripts/ansible/install_lustre_all.yaml executed successfully. Output in output/autotest.lustre.4c2m2o.yaml/ansible.gold-lustre-client.install_lustre_all.yaml.out.
2024-09-24 17:19:18,965 - __main__ - WARNING - SUMMARY: Playbook /home/jbent/tassi/scripts/ansible/install_lustre_all.yaml executed successfully. Output in output/autotest.lustre.4c2m2o.yaml/ansible.gold-lustre-server.install_lustre_all.yaml.out.
2024-09-24 17:41:16,273 - __main__ - WARNING - SUMMARY: Playbook /home/jbent/tassi/scripts/ansible/configure_lustre_all.yaml executed successfully. Output in output/autotest.lustre.4c2m2o.yaml/ansible.configure_lustre_all.yaml.out.
2024-09-24 17:42:20,172 - __main__ - WARNING - SUMMARY: Playbook /home/jbent/tassi/scripts/ansible/test_lustre.yaml executed successfully. Output in output/autotest.lustre.4c2m2o.yaml/ansible.test_lustre.yaml.out.
2024-09-24 17:42:37,790 - __main__ - WARNING - SUMMARY: Executed ./tests/mpi_ior.py: 0. Output in output/autotest.lustre.4c2m2o.yaml/mpi_ior.py.out.
