2024-08-19 21:40:16,973 - __main__ - ERROR - Host bootstrap not found in /root/.ssh/known_hosts
2024-08-19 21:52:56,918 - __main__ - WARNING - SUMMARY: Playbook /home/jbent/tassi/scripts/ansible/install_beegfs_all.yaml executed successfully. Output in output/autotest.beegfs.2c3m2s.yaml/ansible.gold-beegfs-client.install_beegfs_all.yaml.out.
2024-08-19 22:02:05,504 - __main__ - WARNING - SUMMARY: Playbook /home/jbent/tassi/scripts/ansible/install_beegfs_all.yaml executed successfully. Output in output/autotest.beegfs.2c3m2s.yaml/ansible.gold-beegfs-server.install_beegfs_all.yaml.out.
2024-08-19 22:16:02,926 - __main__ - WARNING - SUMMARY: Playbook /home/jbent/tassi/scripts/ansible/configure_beegfs.yaml executed successfully. Output in output/autotest.beegfs.2c3m2s.yaml/ansible.configure_beegfs.yaml.out.
2024-08-19 22:16:09,877 - __main__ - WARNING - SUMMARY: Playbook /home/jbent/tassi/scripts/ansible/test_beegfs.yaml executed successfully. Output in output/autotest.beegfs.2c3m2s.yaml/ansible.test_beegfs.yaml.out.
2024-08-19 22:16:11,625 - __main__ - WARNING - SUMMARY: Executed ./tests/mpi_ior.py: 0. Output in output/autotest.beegfs.2c3m2s.yaml/mpi_ior.py.out.
