IOR-4.1.0+dev: MPI Coordinated Test of Parallel I/O
Began               : Wed Apr 24 19:31:24 2024
Command line        : ior -o /mnt/lustre/testfile -host client01,client00 -t 1m -b 16m -s 16
Machine             : Linux client00
TestID              : 0
StartTime           : Wed Apr 24 19:31:24 2024
Path                : client01,client00
FS                  : 9.8 GiB   Used FS: 48.9%   Inodes: 4.9 Mi   Used Inodes: 1.8%

Options: 
api                 : POSIX
apiVersion          : 
test filename       : client01,client00
access              : single-shared-file
type                : independent
segments            : 16
ordering in a file  : sequential
ordering inter file : no tasks offsets
nodes               : 1
tasks               : 2
clients per node    : 2
memoryBuffer        : CPU
dataAccess          : CPU
GPUDirect           : 0
repetitions         : 1
xfersize            : 1 MiB
blocksize           : 16 MiB
aggregate filesize  : 512 MiB

Results: 

access    bw(MiB/s)  IOPS       Latency(s)  block(KiB) xfer(KiB)  open(s)    wr/rd(s)   close(s)   total(s)   iter
------    ---------  ----       ----------  ---------- ---------  --------   --------   --------   --------   ----
write     1537.64    1538.07    0.019326    16384      1024.00    0.000060   0.332885   0.023709   0.332977   0   
read      6852       6856       0.003833    16384      1024.00    0.000028   0.074684   0.013371   0.074727   0   

Summary of all tests:
Operation   Max(MiB)   Min(MiB)  Mean(MiB)     StdDev   Max(OPs)   Min(OPs)  Mean(OPs)     StdDev    Mean(s) Stonewall(s) Stonewall(MiB) Test# #Tasks tPN reps fPP reord reordoff reordrand seed segcnt   blksiz    xsize aggs(MiB)   API RefNum
write        1537.64    1537.64    1537.64       0.00    1537.64    1537.64    1537.64       0.00    0.33298         NA            NA     0      2   2    1   0     0        1         0    0     16 16777216  1048576     512.0 POSIX      0
read         6851.60    6851.60    6851.60       0.00    6851.60    6851.60    6851.60       0.00    0.07473         NA            NA     0      2   2    1   0     0        1         0    0     16 16777216  1048576     512.0 POSIX      0
Finished            : Wed Apr 24 19:31:24 2024
