2024-04-30 22:36:16,321 - __main__ - ERROR - Warning message: Potential failure to create VM bootstrap:
Return code: 1
Standard Output: Starting install...

Retrieving file vmlinuz... 31% [=====            ]    0 B/s | 3.3 MB  --:-- ETA 

Retrieving file vmlinuz...                                  |  11 MB  00:00     

Retrieving file initrd.img 22% [===-             ]    0 B/s |  20 MB  --:-- ETA 

Retrieving file initrd.img 45% [=======-         ]  31 MB/s |  40 MB  00:01 ETA 

Retrieving file initrd.img 69% [===========-     ]  33 MB/s |  60 MB  00:00 ETA 

Retrieving file initrd.img 92% [===============- ]  36 MB/s |  81 MB  00:00 ETA 

Retrieving file initrd.img...                               |  87 MB  00:01     

Allocating 'bootstrap.img'  0% [                 ]    0 B/s |  18 MB  --:-- ETA 

Allocating 'bootstrap.img'                                  |  12 GB  00:01     
Domain installation still in progress.
Waiting 20 minutes for installation to complete.
Installation has exceeded specified time limit. Exiting application.
Standard Error: 
2024-04-30 22:41:57,012 - __main__ - ERROR - Host bootstrap not found in /root/.ssh/known_hosts
2024-04-30 22:42:39,344 - __main__ - ERROR - guestmount: no operating system was found on this disk

If using guestfish ‘-i’ option, remove this option and instead
use the commands ‘run’ followed by ‘list-filesystems’.
You can then mount filesystems you want by hand using the
‘mount’ or ‘mount-ro’ command.

If using guestmount ‘-i’, remove this option and choose the
filesystem(s) you want to see by manually adding ‘-m’ option(s).
Use ‘virt-filesystems’ to see what filesystems are available.

If using other virt tools, this disk image won’t work
with these tools.  Use the guestfish equivalent commands
(see the virt tool manual page).
2024-04-30 22:42:39,344 - __main__ - WARNING - FATAL ERROR: Warning: /tmp/mnt/vm_disk.1508307/etc/hostname not found
2024-04-30 22:42:39,344 - __main__ - ERROR - FATAL ERROR: Warning: /tmp/mnt/vm_disk.1508307/etc/hostname not found
