2024-05-01 09:45:06,552 - __main__ - ERROR - Host client00 not found in /home/jbent/.ssh/known_hosts
2024-05-01 09:46:19,621 - __main__ - ERROR - Host client01 not found in /root/.ssh/known_hosts
2024-05-01 09:46:19,625 - __main__ - ERROR - Host client01 not found in /home/jbent/.ssh/known_hosts
2024-05-01 09:47:37,713 - __main__ - ERROR - Host client02 not found in /root/.ssh/known_hosts
2024-05-01 09:47:37,718 - __main__ - ERROR - Host client02 not found in /home/jbent/.ssh/known_hosts
2024-05-01 09:48:56,137 - __main__ - ERROR - Host client03 not found in /root/.ssh/known_hosts
2024-05-01 09:48:56,141 - __main__ - ERROR - Host client03 not found in /home/jbent/.ssh/known_hosts
2024-05-01 09:50:17,862 - __main__ - ERROR - Host client04 not found in /root/.ssh/known_hosts
2024-05-01 09:50:17,868 - __main__ - ERROR - Host client04 not found in /home/jbent/.ssh/known_hosts
2024-05-01 09:51:39,735 - __main__ - ERROR - Host client05 not found in /root/.ssh/known_hosts
2024-05-01 09:51:39,740 - __main__ - ERROR - Host client05 not found in /home/jbent/.ssh/known_hosts
2024-05-01 09:52:56,699 - __main__ - ERROR - Host client06 not found in /root/.ssh/known_hosts
2024-05-01 09:52:56,704 - __main__ - ERROR - Host client06 not found in /home/jbent/.ssh/known_hosts
2024-05-01 09:54:15,268 - __main__ - ERROR - Host client07 not found in /root/.ssh/known_hosts
2024-05-01 09:54:15,273 - __main__ - ERROR - Host client07 not found in /home/jbent/.ssh/known_hosts
2024-05-01 09:58:06,550 - __main__ - ERROR - Host mds00 not found in /root/.ssh/known_hosts
2024-05-01 09:58:06,555 - __main__ - ERROR - Host mds00 not found in /home/jbent/.ssh/known_hosts
2024-05-01 09:59:51,429 - __main__ - ERROR - Host mds01 not found in /root/.ssh/known_hosts
2024-05-01 09:59:51,434 - __main__ - ERROR - Host mds01 not found in /home/jbent/.ssh/known_hosts
2024-05-01 10:01:28,737 - __main__ - ERROR - Host oss00 not found in /root/.ssh/known_hosts
2024-05-01 10:01:28,741 - __main__ - ERROR - Host oss00 not found in /home/jbent/.ssh/known_hosts
2024-05-01 10:03:04,761 - __main__ - ERROR - Host oss01 not found in /root/.ssh/known_hosts
2024-05-01 10:03:04,765 - __main__ - ERROR - Host oss01 not found in /home/jbent/.ssh/known_hosts
2024-05-01 10:12:23,852 - __main__ - WARNING - SUMMARY: Playbook /home/jbent/tassi/scripts/ansible/configure_all.yaml executed successfully. Output in output/autotest.8c2m2o.yaml/ansible.configure_all.yaml.out.
2024-05-01 10:14:10,652 - __main__ - WARNING - SUMMARY: Playbook /home/jbent/tassi/scripts/ansible/test_lustre.yaml executed successfully. Output in output/autotest.8c2m2o.yaml/ansible.test_lustre.yaml.out.
2024-05-01 10:14:28,839 - __main__ - WARNING - SUMMARY: Executed ./tests/simple_mpi_ior_4clients.sh: 0. Output in output/autotest.8c2m2o.yaml/simple_mpi_ior_4clients.sh.out.
