2024-05-03 16:23:52,123 - __main__ - ERROR - Host client00 not found in /home/jbent/.ssh/known_hosts
2024-05-03 16:25:52,287 - __main__ - ERROR - Host client01 not found in /root/.ssh/known_hosts
2024-05-03 16:25:52,293 - __main__ - ERROR - Host client01 not found in /home/jbent/.ssh/known_hosts
2024-05-03 16:27:37,969 - __main__ - ERROR - Host client02 not found in /root/.ssh/known_hosts
2024-05-03 16:27:37,975 - __main__ - ERROR - Host client02 not found in /home/jbent/.ssh/known_hosts
2024-05-03 16:29:10,185 - __main__ - ERROR - Host client03 not found in /root/.ssh/known_hosts
2024-05-03 16:29:10,192 - __main__ - ERROR - Host client03 not found in /home/jbent/.ssh/known_hosts
2024-05-03 16:30:43,752 - __main__ - ERROR - Host client04 not found in /root/.ssh/known_hosts
2024-05-03 16:30:43,757 - __main__ - ERROR - Host client04 not found in /home/jbent/.ssh/known_hosts
2024-05-03 16:32:19,736 - __main__ - ERROR - Host client05 not found in /root/.ssh/known_hosts
2024-05-03 16:32:19,742 - __main__ - ERROR - Host client05 not found in /home/jbent/.ssh/known_hosts
2024-05-03 16:33:50,884 - __main__ - ERROR - Host client06 not found in /root/.ssh/known_hosts
2024-05-03 16:33:50,889 - __main__ - ERROR - Host client06 not found in /home/jbent/.ssh/known_hosts
2024-05-03 16:35:24,674 - __main__ - ERROR - Host client07 not found in /root/.ssh/known_hosts
2024-05-03 16:35:24,679 - __main__ - ERROR - Host client07 not found in /home/jbent/.ssh/known_hosts
2024-05-03 16:37:09,098 - __main__ - ERROR - Host client08 not found in /root/.ssh/known_hosts
2024-05-03 16:37:09,102 - __main__ - ERROR - Host client08 not found in /home/jbent/.ssh/known_hosts
2024-05-03 16:38:51,473 - __main__ - ERROR - Host client09 not found in /root/.ssh/known_hosts
2024-05-03 16:38:51,491 - __main__ - ERROR - Host client09 not found in /home/jbent/.ssh/known_hosts
2024-05-03 16:40:07,856 - __main__ - ERROR - Host client10 not found in /root/.ssh/known_hosts
2024-05-03 16:40:07,861 - __main__ - ERROR - Host client10 not found in /home/jbent/.ssh/known_hosts
2024-05-03 16:41:34,031 - __main__ - ERROR - Host client11 not found in /root/.ssh/known_hosts
2024-05-03 16:41:34,037 - __main__ - ERROR - Host client11 not found in /home/jbent/.ssh/known_hosts
2024-05-03 16:42:55,249 - __main__ - ERROR - Host client12 not found in /root/.ssh/known_hosts
2024-05-03 16:42:55,254 - __main__ - ERROR - Host client12 not found in /home/jbent/.ssh/known_hosts
2024-05-03 16:44:13,296 - __main__ - ERROR - Host client13 not found in /root/.ssh/known_hosts
2024-05-03 16:44:13,301 - __main__ - ERROR - Host client13 not found in /home/jbent/.ssh/known_hosts
2024-05-03 16:45:34,448 - __main__ - ERROR - Host client14 not found in /root/.ssh/known_hosts
2024-05-03 16:45:34,452 - __main__ - ERROR - Host client14 not found in /home/jbent/.ssh/known_hosts
2024-05-03 16:46:57,665 - __main__ - ERROR - Host client15 not found in /root/.ssh/known_hosts
2024-05-03 16:46:57,670 - __main__ - ERROR - Host client15 not found in /home/jbent/.ssh/known_hosts
2024-05-03 16:48:14,304 - __main__ - ERROR - Host client16 not found in /root/.ssh/known_hosts
2024-05-03 16:48:14,309 - __main__ - ERROR - Host client16 not found in /home/jbent/.ssh/known_hosts
2024-05-03 16:49:27,946 - __main__ - ERROR - Host client17 not found in /root/.ssh/known_hosts
2024-05-03 16:49:27,951 - __main__ - ERROR - Host client17 not found in /home/jbent/.ssh/known_hosts
2024-05-03 16:53:19,944 - __main__ - ERROR - Host mds00 not found in /root/.ssh/known_hosts
2024-05-03 16:53:19,950 - __main__ - ERROR - Host mds00 not found in /home/jbent/.ssh/known_hosts
2024-05-03 16:55:00,943 - __main__ - ERROR - Host mds01 not found in /root/.ssh/known_hosts
2024-05-03 16:55:00,968 - __main__ - ERROR - Host mds01 not found in /home/jbent/.ssh/known_hosts
2024-05-03 16:56:47,600 - __main__ - ERROR - Host oss00 not found in /root/.ssh/known_hosts
2024-05-03 16:56:47,604 - __main__ - ERROR - Host oss00 not found in /home/jbent/.ssh/known_hosts
2024-05-03 16:58:36,424 - __main__ - ERROR - Host oss01 not found in /root/.ssh/known_hosts
2024-05-03 16:58:36,429 - __main__ - ERROR - Host oss01 not found in /home/jbent/.ssh/known_hosts
2024-05-03 17:21:46,726 - __main__ - WARNING - SUMMARY: Playbook /home/jbent/tassi/scripts/ansible/configure_all.yaml executed successfully. Output in output/autotest.18c2m2o.yaml/ansible.configure_all.yaml.out.
2024-05-03 17:25:28,295 - __main__ - WARNING - SUMMARY: Playbook /home/jbent/tassi/scripts/ansible/test_lustre.yaml executed successfully. Output in output/autotest.18c2m2o.yaml/ansible.test_lustre.yaml.out.
2024-05-03 17:27:25,703 - __main__ - WARNING - SUMMARY: Executed ./tests/simple_mpi_ior.sh: 0. Output in output/autotest.18c2m2o.yaml/simple_mpi_ior.sh.out.
