2024-04-25 12:03:43,774 - __main__ - ERROR - Host client00 not found in /home/jbent/.ssh/known_hosts
2024-04-25 12:04:56,173 - __main__ - ERROR - Host client01 not found in /root/.ssh/known_hosts
2024-04-25 12:04:56,177 - __main__ - ERROR - Host client01 not found in /home/jbent/.ssh/known_hosts
2024-04-25 12:06:12,450 - __main__ - ERROR - Host client02 not found in /root/.ssh/known_hosts
2024-04-25 12:06:12,455 - __main__ - ERROR - Host client02 not found in /home/jbent/.ssh/known_hosts
2024-04-25 12:07:30,338 - __main__ - ERROR - Host client03 not found in /root/.ssh/known_hosts
2024-04-25 12:07:30,344 - __main__ - ERROR - Host client03 not found in /home/jbent/.ssh/known_hosts
2024-04-25 12:11:34,428 - __main__ - ERROR - Host mds00 not found in /root/.ssh/known_hosts
2024-04-25 12:11:34,433 - __main__ - ERROR - Host mds00 not found in /home/jbent/.ssh/known_hosts
2024-04-25 12:13:14,826 - __main__ - ERROR - Host mds01 not found in /root/.ssh/known_hosts
2024-04-25 12:13:14,831 - __main__ - ERROR - Host mds01 not found in /home/jbent/.ssh/known_hosts
2024-04-25 12:14:54,706 - __main__ - ERROR - Host oss00 not found in /root/.ssh/known_hosts
2024-04-25 12:14:54,711 - __main__ - ERROR - Host oss00 not found in /home/jbent/.ssh/known_hosts
2024-04-25 12:16:41,579 - __main__ - ERROR - Host oss01 not found in /root/.ssh/known_hosts
2024-04-25 12:16:41,585 - __main__ - ERROR - Host oss01 not found in /home/jbent/.ssh/known_hosts
2024-04-25 12:22:30,818 - __main__ - WARNING - SUMMARY: Playbook /home/jbent/tassi/scripts/ansible/configure_all.yaml executed successfully. Output in output/autotest.4c2m2o.yaml/ansible.configure_all.yaml.out.
2024-04-25 12:23:31,658 - __main__ - WARNING - SUMMARY: Playbook /home/jbent/tassi/scripts/ansible/test_lustre.yaml executed successfully. Output in output/autotest.4c2m2o.yaml/ansible.test_lustre.yaml.out.
