2024-04-30 12:45:59,098 - __main__ - ERROR - Warning message: Potential failure to create VM bootstrap:
Return code: 1
Standard Output: Starting install...

Retrieving file vmlinuz...  7% [=                ]    0 B/s | 848 kB  --:-- ETA 

Retrieving file vmlinuz... 75% [============-    ]  12 MB/s | 8.0 MB  00:00 ETA 

Retrieving file vmlinuz...                                  |  11 MB  00:00     

Retrieving file initrd.img  8% [=                ]    0 B/s | 7.3 MB  --:-- ETA 

Retrieving file initrd.img 19% [===              ]  15 MB/s |  17 MB  00:04 ETA 

Retrieving file initrd.img 25% [====             ]  15 MB/s |  22 MB  00:04 ETA 

Retrieving file initrd.img 29% [=====            ]  15 MB/s |  26 MB  00:04 ETA 

Retrieving file initrd.img 33% [=====-           ]  15 MB/s |  29 MB  00:03 ETA 

Retrieving file initrd.img 36% [======           ]  14 MB/s |  32 MB  00:03 ETA 

Retrieving file initrd.img 40% [======-          ]  14 MB/s |  35 MB  00:03 ETA 

Retrieving file initrd.img 43% [=======          ]  14 MB/s |  38 MB  00:03 ETA 

Retrieving file initrd.img 45% [=======-         ]  13 MB/s |  40 MB  00:03 ETA 

Retrieving file initrd.img 48% [========         ]  13 MB/s |  42 MB  00:03 ETA 

Retrieving file initrd.img 51% [========-        ]  12 MB/s |  45 MB  00:03 ETA 

Retrieving file initrd.img 53% [=========        ]  12 MB/s |  47 MB  00:03 ETA 

Retrieving file initrd.img 56% [=========-       ]  12 MB/s |  49 MB  00:03 ETA 

Retrieving file initrd.img 59% [==========       ]  12 MB/s |  52 MB  00:03 ETA 

Retrieving file initrd.img 61% [==========-      ]  11 MB/s |  54 MB  00:02 ETA 

Retrieving file initrd.img 64% [==========-      ]  11 MB/s |  56 MB  00:02 ETA 

Retrieving file initrd.img 67% [===========-     ]  11 MB/s |  59 MB  00:02 ETA 

Retrieving file initrd.img 70% [===========-     ]  11 MB/s |  61 MB  00:02 ETA 

Retrieving file initrd.img 73% [============     ]  11 MB/s |  64 MB  00:02 ETA 

Retrieving file initrd.img 76% [============-    ]  10 MB/s |  66 MB  00:01 ETA 

Retrieving file initrd.img 79% [=============    ]  10 MB/s |  69 MB  00:01 ETA 

Retrieving file initrd.img 81% [=============-   ]  10 MB/s |  71 MB  00:01 ETA 

Retrieving file initrd.img 83% [==============   ] 9.7 MB/s |  72 MB  00:01 ETA 

Retrieving file initrd.img 84% [==============   ] 9.3 MB/s |  74 MB  00:01 ETA 

Retrieving file initrd.img 85% [==============-  ] 8.9 MB/s |  75 MB  00:01 ETA 

Retrieving file initrd.img 86% [==============-  ] 8.5 MB/s |  75 MB  00:01 ETA 

Retrieving file initrd.img 87% [==============-  ] 8.1 MB/s |  76 MB  00:01 ETA 

Retrieving file initrd.img 88% [==============-  ] 7.8 MB/s |  77 MB  00:01 ETA 

Retrieving file initrd.img 88% [===============  ] 7.4 MB/s |  77 MB  00:01 ETA 

Retrieving file initrd.img 89% [===============  ] 7.0 MB/s |  78 MB  00:01 ETA 

Retrieving file initrd.img 90% [===============  ] 6.7 MB/s |  79 MB  00:01 ETA 

Retrieving file initrd.img 90% [===============  ] 6.4 MB/s |  79 MB  00:01 ETA 

Retrieving file initrd.img 91% [===============- ] 6.1 MB/s |  80 MB  00:01 ETA 

Retrieving file initrd.img 92% [===============- ] 5.9 MB/s |  80 MB  00:01 ETA 

Retrieving file initrd.img 93% [===============- ] 5.7 MB/s |  81 MB  00:01 ETA 

Retrieving file initrd.img 93% [===============- ] 5.4 MB/s |  81 MB  00:01 ETA 

Retrieving file initrd.img 93% [===============- ] 5.1 MB/s |  82 MB  00:01 ETA 

Retrieving file initrd.img 94% [================ ] 4.9 MB/s |  82 MB  00:01 ETA 

Retrieving file initrd.img 94% [================ ] 4.7 MB/s |  83 MB  00:00 ETA 

Retrieving file initrd.img 95% [================ ] 4.4 MB/s |  83 MB  00:00 ETA 

Retrieving file initrd.img 95% [================ ] 4.2 MB/s |  83 MB  00:00 ETA 

Retrieving file initrd.img 96% [================ ] 4.1 MB/s |  84 MB  00:00 ETA 

Retrieving file initrd.img 96% [================ ] 3.9 MB/s |  84 MB  00:00 ETA 

Retrieving file initrd.img 97% [================-] 3.7 MB/s |  85 MB  00:00 ETA 

Retrieving file initrd.img 97% [================-] 3.6 MB/s |  85 MB  00:00 ETA 

Retrieving file initrd.img 98% [================-] 3.5 MB/s |  86 MB  00:00 ETA 

Retrieving file initrd.img 99% [================-] 3.4 MB/s |  86 MB  00:00 ETA 

Retrieving file initrd.img 99% [================-] 3.2 MB/s |  87 MB  00:00 ETA 

Retrieving file initrd.img...                               |  87 MB  00:15     
Domain installation still in progress.
Waiting 20 minutes for installation to complete.
Installation has exceeded specified time limit. Exiting application.
Standard Error: 
2024-04-30 12:46:18,141 - __main__ - ERROR - Host bootstrap not found in /root/.ssh/known_hosts
2024-04-30 12:47:05,685 - __main__ - ERROR - Host gold-lustre-client not found in /root/.ssh/known_hosts
2024-04-30 12:47:05,692 - __main__ - ERROR - Host gold-lustre-client not found in /home/jbent/.ssh/known_hosts
2024-04-30 13:10:30,524 - __main__ - WARNING - SUMMARY: Playbook /home/jbent/tassi/scripts/ansible/install_all.yaml executed successfully. Output in output/autotest.4c2m2o.yaml/ansible.gold-lustre-client.install_all.yaml.out.
2024-04-30 13:13:17,367 - __main__ - ERROR - Host gold-lustre-server not found in /root/.ssh/known_hosts
2024-04-30 13:13:17,374 - __main__ - ERROR - Host gold-lustre-server not found in /home/jbent/.ssh/known_hosts
2024-04-30 13:52:33,225 - __main__ - WARNING - SUMMARY: Playbook /home/jbent/tassi/scripts/ansible/install_all.yaml executed successfully. Output in output/autotest.4c2m2o.yaml/ansible.gold-lustre-server.install_all.yaml.out.
2024-04-30 13:56:26,076 - __main__ - ERROR - Host client00 not found in /home/jbent/.ssh/known_hosts
2024-04-30 13:57:42,619 - __main__ - ERROR - Host client01 not found in /root/.ssh/known_hosts
2024-04-30 13:57:42,624 - __main__ - ERROR - Host client01 not found in /home/jbent/.ssh/known_hosts
2024-04-30 13:59:07,219 - __main__ - ERROR - Host client02 not found in /root/.ssh/known_hosts
2024-04-30 13:59:07,224 - __main__ - ERROR - Host client02 not found in /home/jbent/.ssh/known_hosts
2024-04-30 14:00:32,046 - __main__ - ERROR - Host client03 not found in /root/.ssh/known_hosts
2024-04-30 14:00:32,051 - __main__ - ERROR - Host client03 not found in /home/jbent/.ssh/known_hosts
2024-04-30 14:03:17,626 - __main__ - ERROR - Host mds00 not found in /root/.ssh/known_hosts
2024-04-30 14:03:17,632 - __main__ - ERROR - Host mds00 not found in /home/jbent/.ssh/known_hosts
2024-04-30 14:04:54,092 - __main__ - ERROR - Host mds01 not found in /root/.ssh/known_hosts
2024-04-30 14:04:54,097 - __main__ - ERROR - Host mds01 not found in /home/jbent/.ssh/known_hosts
2024-04-30 14:06:31,374 - __main__ - ERROR - Host oss00 not found in /root/.ssh/known_hosts
2024-04-30 14:06:31,379 - __main__ - ERROR - Host oss00 not found in /home/jbent/.ssh/known_hosts
2024-04-30 14:08:10,715 - __main__ - ERROR - Host oss01 not found in /root/.ssh/known_hosts
2024-04-30 14:08:10,720 - __main__ - ERROR - Host oss01 not found in /home/jbent/.ssh/known_hosts
2024-04-30 14:13:57,204 - __main__ - WARNING - SUMMARY: Playbook /home/jbent/tassi/scripts/ansible/configure_all.yaml executed successfully. Output in output/autotest.4c2m2o.yaml/ansible.configure_all.yaml.out.
2024-04-30 14:15:01,649 - __main__ - WARNING - SUMMARY: Playbook /home/jbent/tassi/scripts/ansible/test_lustre.yaml executed successfully. Output in output/autotest.4c2m2o.yaml/ansible.test_lustre.yaml.out.
2024-04-30 14:15:23,006 - __main__ - WARNING - SUMMARY: Executed ./tests/simple_mpi_ior_4clients.sh: 0. Output in output/autotest.4c2m2o.yaml/simple_mpi_ior_4clients.sh.out.
