2024-05-22 17:16:11,507 - __main__ - ERROR - Host client00 not found in /root/.ssh/known_hosts
2024-05-22 17:16:11,513 - __main__ - ERROR - Host client00 not found in /home/jbent/.ssh/known_hosts
2024-05-22 17:16:14,566 - __main__ - ERROR - Host client01 not found in /root/.ssh/known_hosts
2024-05-22 17:16:14,571 - __main__ - ERROR - Host client01 not found in /home/jbent/.ssh/known_hosts
2024-05-22 17:16:17,621 - __main__ - ERROR - Host client02 not found in /root/.ssh/known_hosts
2024-05-22 17:16:17,626 - __main__ - ERROR - Host client02 not found in /home/jbent/.ssh/known_hosts
2024-05-22 17:16:20,674 - __main__ - ERROR - Host client03 not found in /root/.ssh/known_hosts
2024-05-22 17:16:20,678 - __main__ - ERROR - Host client03 not found in /home/jbent/.ssh/known_hosts
2024-05-22 17:16:23,757 - __main__ - ERROR - Host mds00 not found in /root/.ssh/known_hosts
2024-05-22 17:16:23,762 - __main__ - ERROR - Host mds00 not found in /home/jbent/.ssh/known_hosts
2024-05-22 17:16:26,830 - __main__ - ERROR - Host mds01 not found in /root/.ssh/known_hosts
2024-05-22 17:16:26,834 - __main__ - ERROR - Host mds01 not found in /home/jbent/.ssh/known_hosts
2024-05-22 17:16:29,881 - __main__ - ERROR - Host oss00 not found in /root/.ssh/known_hosts
2024-05-22 17:16:29,886 - __main__ - ERROR - Host oss00 not found in /home/jbent/.ssh/known_hosts
2024-05-22 17:16:32,955 - __main__ - ERROR - Host oss01 not found in /root/.ssh/known_hosts
2024-05-22 17:16:32,960 - __main__ - ERROR - Host oss01 not found in /home/jbent/.ssh/known_hosts
2024-05-22 17:21:13,364 - __main__ - WARNING - SUMMARY: Playbook /home/jbent/tassi/scripts/ansible/configure_all.yaml executed successfully. Output in output/autotest.4c2m2o.yaml/ansible.configure_all.yaml.out.
2024-05-22 17:22:14,502 - __main__ - WARNING - SUMMARY: Playbook /home/jbent/tassi/scripts/ansible/test_lustre.yaml executed successfully. Output in output/autotest.4c2m2o.yaml/ansible.test_lustre.yaml.out.
2024-05-22 17:22:24,086 - __main__ - ERROR - Error executing script: Command '['./tests/simple_mpi_ior.sh', '-np', '4', '-host', 'client00,client01,client02,client03']' returned non-zero exit status 255.
WARNING: Lustre pool specified, but the Lustre User API on this system does not support that.
ERROR: Setting Lustre pool is not supported for the version of the Lustre API used on this system, (aiori-POSIX.c:219)
WARNING: Lustre pool specified, but the Lustre User API on this system does not support that.
ERROR: Setting Lustre pool is not supported for the version of the Lustre API used on this system, (aiori-POSIX.c:219)
WARNING: Lustre pool specified, but the Lustre User API on this system does not support that.
ERROR: Setting Lustre pool is not supported for the version of the Lustre API used on this system, (aiori-POSIX.c:219)
WARNING: Lustre pool specified, but the Lustre User API on this system does not support that.
ERROR: Setting Lustre pool is not supported for the version of the Lustre API used on this system, (aiori-POSIX.c:219)

