2024-08-15 18:53:23,189 - __main__ - ERROR - Host bootstrap not found in /root/.ssh/known_hosts
2024-08-15 19:00:21,509 - __main__ - WARNING - SUMMARY: Playbook /home/jbent/tassi/scripts/ansible/install_empty.yaml executed successfully. Output in output/autotest.empty.alma.2c2m2s.yaml/ansible.gold-empty-client.install_empty.yaml.out.
2024-08-15 19:07:57,156 - __main__ - WARNING - SUMMARY: Playbook /home/jbent/tassi/scripts/ansible/install_empty.yaml executed successfully. Output in output/autotest.empty.alma.2c2m2s.yaml/ansible.gold-empty-server.install_empty.yaml.out.
2024-08-15 19:17:46,835 - __main__ - WARNING - SUMMARY: Playbook /home/jbent/tassi/scripts/ansible/configure_empty.yaml executed successfully. Output in output/autotest.empty.alma.2c2m2s.yaml/ansible.configure_empty.yaml.out.
2024-08-15 19:17:50,170 - __main__ - WARNING - SUMMARY: Playbook /home/jbent/tassi/scripts/ansible/test_empty.yaml executed successfully. Output in output/autotest.empty.alma.2c2m2s.yaml/ansible.test_empty.yaml.out.
2024-08-15 19:17:51,426 - __main__ - WARNING - SUMMARY: Executed ./tests/test_pdsh.sh: 0. Output in output/autotest.empty.alma.2c2m2s.yaml/test_pdsh.sh.out.
